MiniDB Client - Connecting to 127.0.0.1:7777...
Connected successfully!

Connected to MiniDB Server (Read Committed Isolation)
Connected to MiniDB Server
Type 'help' for commands, 'quit' to exit

minidb[1]> Result                
----------------------
Table created successfully

(1 row)
minidb[2]> Result                
----------------------
Record inserted successfully

(1 row)
minidb[3]> Result                
----------------------
Record inserted successfully

(1 row)
minidb[4]> Result                
----------------------
Record inserted successfully

(1 row)
minidb[5]> Result                
----------------------
Record inserted successfully

(1 row)
minidb[6]> id        value       
----------------------
1         100         
-256      1667853439  
2         6451010     
3         1918986307  

(4 rows)
minidb[7]> id        value       
----------------------
1         100         
-256      1667853439  
2         6451010     
3         1918986307  

(4 rows)
minidb[8]> No results found.
minidb[9]> Error                 
----------------------
Query execution failed

(1 row)
minidb[10]> 
Connection closed. Goodbye!
