MiniDB Client - Connecting to 127.0.0.1:7777...
Connected successfully!

Connected to MiniDB Server (Read Committed Isolation)
Connected to MiniDB Server
Type 'help' for commands, 'quit' to exit

minidb[1]> Result                
----------------------
Table created successfully

(1 row)
minidb[2]> Result                
----------------------
Table created successfully

(1 row)
minidb[3]> Tables       
-------------
sys_tables   
sys_columns  
sys_indexes  
sys_types    
users        
products     

(6 rows)
minidb[4]> Error                 
----------------------
Query execution failed

(1 row)
minidb[5]> 
Connection closed. Goodbye!
