MiniDB Client - Connecting to 127.0.0.1:7777...
Connected successfully!

Connected to MiniDB Server (Read Committed Isolation)
Connected to MiniDB Server
Type 'help' for commands, 'quit' to exit

minidb[1]> Error                 
----------------------
Query execution failed

(1 row)
minidb[2]>             
------------
1635151433  

(1 row)
minidb[3]> Error                 
----------------------
Query execution failed

(1 row)
minidb[4]> Error                 
----------------------
Query execution failed

(1 row)
minidb[5]> Error                 
----------------------
Query execution failed

(1 row)
minidb[6]> Error                 
----------------------
Query execution failed

(1 row)
minidb[7]> Error                 
----------------------
Query execution failed

(1 row)
minidb[8]> Error                 
----------------------
Query execution failed

(1 row)
minidb[9]> minidb[9]> Error                 
----------------------
Query execution failed

(1 row)
minidb[10]> Error                 
----------------------
Table does not exist  

(1 row)
minidb[11]> Error                 
----------------------
Table does not exist  

(1 row)
minidb[12]> Error                 
----------------------
Table does not exist  

(1 row)
minidb[13]> Error                 
----------------------
Table does not exist  

(1 row)
minidb[14]> Error                 
----------------------
Table does not exist  

(1 row)
minidb[15]> minidb[15]> Error                 
----------------------
Query execution failed

(1 row)
minidb[16]> Error                 
----------------------
Table does not exist  

(1 row)
minidb[17]> Error                 
----------------------
Table does not exist  

(1 row)
minidb[18]> minidb[18]> Error                 
----------------------
Query execution failed

(1 row)
minidb[19]> Error                 
----------------------
Table does not exist  

(1 row)
minidb[20]> Error                 
----------------------
Table does not exist  

(1 row)
minidb[21]> minidb[21]> Error                 
----------------------
Query execution failed

(1 row)
minidb[22]> Error                 
----------------------
Table does not exist  

(1 row)
minidb[23]> Error                 
----------------------
Table does not exist  

(1 row)
minidb[24]> minidb[24]> Error                 
----------------------
Query execution failed

(1 row)
minidb[25]> Error                 
----------------------
Table does not exist  

(1 row)
minidb[26]> Error                 
----------------------
Table does not exist  

(1 row)
minidb[27]> minidb[27]> Error                 
----------------------
Query execution failed

(1 row)
minidb[28]> Error                 
----------------------
Table does not exist  

(1 row)
minidb[29]> Error                 
----------------------
Table does not exist  

(1 row)
minidb[30]> minidb[30]> Error                 
----------------------
Query execution failed

(1 row)
minidb[31]> Error                 
----------------------
Table does not exist  

(1 row)
minidb[32]> Error                 
----------------------
Table does not exist  

(1 row)
minidb[33]> minidb[33]> Error                 
----------------------
Query execution failed

(1 row)
minidb[34]> 
Connection closed. Goodbye!
