MiniDB Client - Connecting to 127.0.0.1:7000...
Connected successfully!

Connected to MiniDB Server (Read Committed Isolation)
Connected to MiniDB Server
Type 'help' for commands, 'quit' to exit

minidb[1]> 
id        name      value     
------------------------------
1         Alice     100       
2         Bob       200       
3         Charlie   300       

(3 rows)
minidb[2]> 
Server shutdown initiated...
minidb[3]> 

Connection closed. Goodbye!