MiniDB Client - Connecting to 127.0.0.1:7777...
Connected successfully!

Connected to MiniDB Server (Read Committed Isolation)
Connected to MiniDB Server
Type 'help' for commands, 'quit' to exit

minidb[1]> Result                
----------------------
Table created successfully

(1 row)
minidb[2]> Result                
----------------------
Record inserted successfully

(1 row)
minidb[3]> Result                
----------------------
Record inserted successfully

(1 row)
minidb[4]> Result                
----------------------
Record inserted successfully

(1 row)
minidb[5]> Result                
----------------------
Record inserted successfully

(1 row)
minidb[6]> id        name      value     
------------------------------
1         Alice     100       
2         Bob       200       
3         Charlie   300       
4         David     400       

(4 rows)
minidb[7]> Result               
---------------------
1 record(s) deleted  

(1 row)
minidb[8]> id        name      value     
------------------------------
1         Alice     100       
3         Charlie   300       
4         David     400       

(3 rows)
minidb[9]> Result               
---------------------
1 record(s) deleted  

(1 row)
minidb[10]> id        name      value     
------------------------------
1         Alice     100       
3         Charlie   300       

(2 rows)
minidb[11]> Error                 
----------------------
Query execution failed

(1 row)
minidb[12]> 
Connection closed. Goodbye!
