MiniDB Client - Connecting to 127.0.0.1:7000...
Connected successfully!

Connected to MiniDB Server (Read Committed Isolation)
Connected to MiniDB Server
Type 'help' for commands, 'quit' to exit

minidb[1]> 
Result                
----------------------
Table created successfully

(1 row)
minidb[2]> 
Result                
----------------------
Record inserted successfully

(1 row)
minidb[3]> 
Result                
----------------------
Record inserted successfully

(1 row)
minidb[4]> 
Result                
----------------------
Record inserted successfully

(1 row)
minidb[5]> 
Result                
----------------------
Record inserted successfully

(1 row)
minidb[6]> 
id        name      value     
------------------------------
2         Bob       200       

(1 row)
minidb[7]> 
id        name      value     
------------------------------
3         Charlie   300       
4         David     400       

(2 rows)
minidb[8]> 
id        name      value     
------------------------------
1         Alice     100       
2         Bob       200       

(2 rows)
minidb[9]> 
id        name      value     
------------------------------
3         Charlie   300       
4         David     400       

(2 rows)
minidb[10]> 
id        name      value     
------------------------------
1         Alice     100       
2         Bob       200       

(2 rows)
minidb[11]> 
Server shutdown initiated...
minidb[12]> 

Connection closed. Goodbye!